// Vitest Snapshot v1, https://vitest.dev/guide/snapshot.html

exports[`Container > should renders correctly 1`] = `
<div
  class="container"
  data-v-85d507ef=""
>
  
  
</div>
`;
